// Jest Snapshot v1, https://goo.gl/fbAQLP

exports[`binary should work 1`] = `
Object {
  "console": "[ 2 ]
",
  "playground": Array [
    Object {
      "expr": "[Function]",
      "loc": Object {
        "end": Object {
          "column": "2",
          "line": "7",
        },
        "start": Object {
          "column": "16",
          "line": "1",
        },
      },
    },
    Object {
      "expr": "[Function]",
      "loc": Object {
        "end": Object {
          "column": "2",
          "line": "15",
        },
        "start": Object {
          "column": "20",
          "line": "9",
        },
      },
    },
    Object {
      "expr": "[]",
      "loc": Object {
        "end": Object {
          "column": "16",
          "line": "19",
        },
        "start": Object {
          "column": "0",
          "line": "19",
        },
      },
    },
    Object {
      "expr": "[Function]",
      "loc": Object {
        "end": Object {
          "column": "36",
          "line": "20",
        },
        "start": Object {
          "column": "0",
          "line": "20",
        },
      },
    },
    Object {
      "expr": "[Function]",
      "loc": Object {
        "end": Object {
          "column": "1",
          "line": "24",
        },
        "start": Object {
          "column": "14",
          "line": "22",
        },
      },
    },
    Object {
      "expr": "Reducer(take(filter(map(empty))))",
      "loc": Object {
        "end": Object {
          "column": "10",
          "line": "31",
        },
        "start": Object {
          "column": "16",
          "line": "28",
        },
      },
    },
    Object {
      "expr": "[ 2 ]",
      "loc": Object {
        "end": Object {
          "column": "47",
          "line": "33",
        },
        "start": Object {
          "column": "15",
          "line": "33",
        },
      },
    },
    Object {
      "expr": "Reducer(take(map(empty)))<, 1,2,3,4>",
      "loc": Object {
        "end": Object {
          "column": "54",
          "line": "35",
        },
        "start": Object {
          "column": "14",
          "line": "35",
        },
      },
    },
    Object {
      "expr": "[ 2 ]",
      "loc": Object {
        "end": Object {
          "column": "15",
          "line": "37",
        },
        "start": Object {
          "column": "0",
          "line": "37",
        },
      },
    },
    Object {
      "expr": "undefined",
      "loc": Object {
        "end": Object {
          "column": "28",
          "line": "39",
        },
        "start": Object {
          "column": "0",
          "line": "39",
        },
      },
    },
  ],
}
`;
